Extensions: writing cache failed ([Errno 30] Read-only file system: '/home/agent/.config/blender/4.3/extensions').
15:14:09 | INFO: Data are loaded, start creating Blender stuff
15:14:09 | INFO: Blender create Mesh node Cube.221
15:14:09 | INFO: glTF import finished in 0.02s
15:14:09 | INFO: Data are loaded, start creating Blender stuff
15:14:09 | INFO: Blender create Mesh node Plane.030
15:14:09 | INFO: glTF import finished in 0.01s
15:14:09 | INFO: Data are loaded, start creating Blender stuff
15:14:09 | INFO: Blender create Mesh node Cube.027
15:14:09 | INFO: glTF import finished in 0.01s
15:14:09 | INFO: Data are loaded, start creating Blender stuff
15:14:09 | INFO: Blender create Mesh node Cube.023
15:14:09 | INFO: glTF import finished in 0.00s
15:14:09 | INFO: Data are loaded, start creating Blender stuff
15:14:09 | INFO: Blender create Mesh node Cube.110
15:14:09 | INFO: glTF import finished in 0.02s
15:14:09 | INFO: Data are loaded, start creating Blender stuff
15:14:09 | INFO: Blender create Mesh node Cube.182
15:14:09 | INFO: glTF import finished in 0.01s
15:14:09 | INFO: Data are loaded, start creating Blender stuff
15:14:09 | INFO: Blender create Mesh node Cube.054
15:14:09 | INFO: glTF import finished in 0.01s
15:14:09 | INFO: Data are loaded, start creating Blender stuff
15:14:09 | INFO: Blender create Mesh node Cube.153
15:14:09 | INFO: glTF import finished in 0.01s
15:14:09 | INFO: Data are loaded, start creating Blender stuff
15:14:09 | INFO: Blender create Mesh node Cube.017_Retopology.006
15:14:09 | INFO: glTF import finished in 0.01s
15:14:09 | INFO: Data are loaded, start creating Blender stuff
15:14:09 | INFO: Blender create Mesh node Plane.004
15:14:09 | INFO: glTF import finished in 0.01s
{"status": "prototype-not-integrated", "source": "Quaternius Medieval Village MegaKit, standard distribution 2025-04-22, CC0 release corroborated by official April2025 page", "components": {"Wall_Plaster_Door_Flat": 92, "Wall_Plaster_Window_Wide_Flat": 96, "Wall_Plaster_Straight": 86, "Corner_Exterior_Wood": 12, "Roof_RoundTiles_4x4": 1996, "Roof_Front_Brick4": 252, "Door_1_Flat": 314, "Window_Wide_Flat1": 160, "Prop_Chimney": 618, "Floor_Brick": 4}, "triangles": 5380, "bounds": [[-3.0, -2.8215668201446533, -0.010000384412705898], [3.0, 2.739908218383789, 7.377875328063965]], "limits": ["Prototype assembly, not a final map model.", "No mobile or distant LOD validation.", "Inspect openings and roof joins before adoption."]}
ERROR Draco mesh compression is not available because library could not be found at /usr/bin/4.3/python/lib/python3.13/site-packages/libextern_draco.so
15:14:11 | INFO: Starting glTF 2.0 export
15:14:11 | INFO: Extracting primitive: Cube.001
15:14:11 | WARNING: More than one shader node tex image used for a texture. The resulting glTF sampler will behave like the first shader node tex image.
15:14:12 | WARNING: More than one shader node tex image used for a texture. The resulting glTF sampler will behave like the first shader node tex image.
15:14:12 | WARNING: More than one shader node tex image used for a texture. The resulting glTF sampler will behave like the first shader node tex image.
15:14:13 | WARNING: More than one shader node tex image used for a texture. The resulting glTF sampler will behave like the first shader node tex image.
15:14:13 | WARNING: More than one shader node tex image used for a texture. The resulting glTF sampler will behave like the first shader node tex image.
15:14:13 | WARNING: More than one shader node tex image used for a texture. The resulting glTF sampler will behave like the first shader node tex image.
15:14:14 | WARNING: More than one shader node tex image used for a texture. The resulting glTF sampler will behave like the first shader node tex image.
15:14:14 | WARNING: More than one shader node tex image used for a texture. The resulting glTF sampler will behave like the first shader node tex image.
15:14:14 | WARNING: More than one shader node tex image used for a texture. The resulting glTF sampler will behave like the first shader node tex image.
15:14:15 | WARNING: More than one shader node tex image used for a texture. The resulting glTF sampler will behave like the first shader node tex image.
15:14:15 | WARNING: More than one shader node tex image used for a texture. The resulting glTF sampler will behave like the first shader node tex image.
15:14:15 | WARNING: More than one shader node tex image used for a texture. The resulting glTF sampler will behave like the first shader node tex image.
15:14:16 | WARNING: More than one shader node tex image used for a texture. The resulting glTF sampler will behave like the first shader node tex image.
15:14:16 | WARNING: More than one shader node tex image used for a texture. The resulting glTF sampler will behave like the first shader node tex image.
15:14:17 | WARNING: More than one shader node tex image used for a texture. The resulting glTF sampler will behave like the first shader node tex image.
15:14:17 | WARNING: More than one shader node tex image used for a texture. The resulting glTF sampler will behave like the first shader node tex image.
15:14:17 | INFO: Primitives created: 18
15:14:17 | INFO: Finished glTF 2.0 export in 6.018360614776611 s
Blender 4.3.2
Fra:1 Mem:72.32M (Peak 72.32M) | Time:00:00.00 | Mem:0.00M, Peak:0.00M | Scene, ViewLayer | Synchronizing object | library_house_study
Fra:1 Mem:72.32M (Peak 72.32M) | Time:00:00.00 | Mem:0.00M, Peak:0.00M | Scene, ViewLayer | Synchronizing object | Plane
Fra:1 Mem:75.43M (Peak 75.49M) | Time:00:00.01 | Mem:0.00M, Peak:0.00M | Scene, ViewLayer | Initializing
Fra:1 Mem:75.42M (Peak 75.49M) | Time:00:00.02 | Mem:0.00M, Peak:0.00M | Scene, ViewLayer | Updating Images | Loading T_WoodTrim_BaseColor
Fra:1 Mem:75.42M (Peak 75.49M) | Time:00:00.02 | Mem:0.00M, Peak:0.00M | Scene, ViewLayer | Updating Images | Loading T_WoodTrim_Roughness
Fra:1 Mem:75.42M (Peak 75.49M) | Time:00:00.02 | Mem:0.00M, Peak:0.00M | Scene, ViewLayer | Updating Images | Loading T_WoodTrim_Normal
Fra:1 Mem:75.42M (Peak 75.49M) | Time:00:00.02 | Mem:0.00M, Peak:0.00M | Scene, ViewLayer | Updating Images | Loading T_Plaster_BaseColor
Fra:1 Mem:78.43M (Peak 78.43M) | Time:00:00.02 | Mem:1.00M, Peak:1.00M | Scene, ViewLayer | Updating Images | Loading T_Plaster_ORM
Fra:1 Mem:82.43M (Peak 83.43M) | Time:00:00.02 | Mem:2.00M, Peak:2.00M | Scene, ViewLayer | Updating Images | Loading T_RoundTiles_Roughness
Fra:1 Mem:84.43M (Peak 84.43M) | Time:00:00.02 | Mem:3.00M, Peak:3.00M | Scene, ViewLayer | Updating Images | Loading T_RoundTiles_BaseColor
Fra:1 Mem:85.43M (Peak 86.43M) | Time:00:00.02 | Mem:4.00M, Peak:4.00M | Scene, ViewLayer | Updating Images | Loading T_Plaster_Normal
Fra:1 Mem:85.43M (Peak 86.43M) | Time:00:00.02 | Mem:5.00M, Peak:5.00M | Scene, ViewLayer | Updating Images | Loading T_RockTrim_BaseColor
Fra:1 Mem:87.43M (Peak 87.43M) | Time:00:00.02 | Mem:6.00M, Peak:6.00M | Scene, ViewLayer | Updating Images | Loading T_Brick_Normal
Fra:1 Mem:88.43M (Peak 89.43M) | Time:00:00.02 | Mem:7.00M, Peak:7.00M | Scene, ViewLayer | Updating Images | Loading T_RockTrim_ORM
Fra:1 Mem:89.43M (Peak 90.43M) | Time:00:00.02 | Mem:8.00M, Peak:8.00M | Scene, ViewLayer | Updating Images | Loading T_RockTrim_Normal
Fra:1 Mem:90.43M (Peak 90.43M) | Time:00:00.02 | Mem:9.00M, Peak:9.00M | Scene, ViewLayer | Updating Images | Loading T_Brick_BaseColor
Fra:1 Mem:92.43M (Peak 92.43M) | Time:00:00.02 | Mem:10.00M, Peak:10.00M | Scene, ViewLayer | Updating Images | Loading T_Brick_Roughness
Fra:1 Mem:89.05M (Peak 94.43M) | Time:00:00.02 | Mem:15.00M, Peak:15.00M | Scene, ViewLayer | Waiting for render to start
Fra:1 Mem:89.05M (Peak 94.43M) | Time:00:00.02 | Mem:15.00M, Peak:15.00M | Scene, ViewLayer | Loading render kernels (may take a few minutes the first time)
Fra:1 Mem:89.05M (Peak 94.43M) | Time:00:00.02 | Mem:15.00M, Peak:15.00M | Scene, ViewLayer | Updating Scene
Fra:1 Mem:89.05M (Peak 94.43M) | Time:00:00.02 | Mem:15.00M, Peak:15.00M | Scene, ViewLayer | Updating Shaders
Fra:1 Mem:89.14M (Peak 94.43M) | Time:00:00.02 | Mem:15.01M, Peak:15.01M | Scene, ViewLayer | Updating Procedurals
Fra:1 Mem:89.14M (Peak 94.43M) | Time:00:00.02 | Mem:15.01M, Peak:15.01M | Scene, ViewLayer | Updating Background
Fra:1 Mem:89.14M (Peak 94.43M) | Time:00:00.02 | Mem:15.01M, Peak:15.01M | Scene, ViewLayer | Updating Camera
Fra:1 Mem:89.14M (Peak 94.43M) | Time:00:00.02 | Mem:15.01M, Peak:15.01M | Scene, ViewLayer | Updating Meshes Flags
Fra:1 Mem:89.14M (Peak 94.43M) | Time:00:00.02 | Mem:15.01M, Peak:15.01M | Scene, ViewLayer | Updating Objects
Fra:1 Mem:89.14M (Peak 94.43M) | Time:00:00.02 | Mem:15.01M, Peak:15.01M | Scene, ViewLayer | Updating Objects | Copying Transformations to device
Fra:1 Mem:89.15M (Peak 94.43M) | Time:00:00.02 | Mem:15.01M, Peak:15.01M | Scene, ViewLayer | Updating Objects | Applying Static Transformations
Fra:1 Mem:89.15M (Peak 94.43M) | Time:00:00.02 | Mem:15.01M, Peak:15.01M | Scene, ViewLayer | Updating Particle Systems
Fra:1 Mem:89.15M (Peak 94.43M) | Time:00:00.02 | Mem:15.01M, Peak:15.01M | Scene, ViewLayer | Updating Particle Systems | Copying Particles to device
Fra:1 Mem:89.15M (Peak 94.43M) | Time:00:00.02 | Mem:15.01M, Peak:15.01M | Scene, ViewLayer | Updating Meshes
Fra:1 Mem:89.23M (Peak 94.43M) | Time:00:00.02 | Mem:15.01M, Peak:15.01M | Scene, ViewLayer | Updating Mesh | Computing attributes
Fra:1 Mem:89.73M (Peak 94.43M) | Time:00:00.02 | Mem:15.02M, Peak:15.02M | Scene, ViewLayer | Updating Mesh | Copying Attributes to device
Fra:1 Mem:89.73M (Peak 94.43M) | Time:00:00.03 | Mem:15.52M, Peak:15.52M | Scene, ViewLayer | Updating Scene BVH | Building
Fra:1 Mem:89.73M (Peak 94.43M) | Time:00:00.03 | Mem:15.52M, Peak:15.52M | Scene, ViewLayer | Updating Scene BVH | Building BVH
Fra:1 Mem:89.73M (Peak 94.43M) | Time:00:00.03 | Mem:15.68M, Peak:15.68M | Scene, ViewLayer | Updating Scene BVH | Building BVH 0%
Fra:1 Mem:89.73M (Peak 94.43M) | Time:00:00.03 | Mem:15.86M, Peak:16.03M | Scene, ViewLayer | Updating Scene BVH | Copying BVH to device
Fra:1 Mem:89.73M (Peak 94.43M) | Time:00:00.03 | Mem:15.86M, Peak:16.03M | Scene, ViewLayer | Updating Mesh | Computing normals
Fra:1 Mem:90.19M (Peak 94.43M) | Time:00:00.03 | Mem:15.86M, Peak:16.03M | Scene, ViewLayer | Updating Mesh | Copying Mesh to device
Fra:1 Mem:90.19M (Peak 94.43M) | Time:00:00.03 | Mem:16.32M, Peak:16.32M | Scene, ViewLayer | Updating Objects Flags
Fra:1 Mem:90.19M (Peak 94.43M) | Time:00:00.03 | Mem:16.32M, Peak:16.32M | Scene, ViewLayer | Updating Primitive Offsets
Fra:1 Mem:90.19M (Peak 94.43M) | Time:00:00.03 | Mem:16.32M, Peak:16.32M | Scene, ViewLayer | Updating Images
Fra:1 Mem:90.19M (Peak 94.43M) | Time:00:00.03 | Mem:16.32M, Peak:16.32M | Scene, ViewLayer | Updating Camera Volume
Fra:1 Mem:90.19M (Peak 94.43M) | Time:00:00.03 | Mem:16.32M, Peak:16.32M | Scene, ViewLayer | Updating Lookup Tables
Fra:1 Mem:90.19M (Peak 94.43M) | Time:00:00.03 | Mem:16.40M, Peak:16.40M | Scene, ViewLayer | Updating Lights
Fra:1 Mem:90.19M (Peak 94.43M) | Time:00:00.03 | Mem:16.40M, Peak:16.40M | Scene, ViewLayer | Updating Lights | Computing tree
Fra:1 Mem:90.19M (Peak 94.43M) | Time:00:00.03 | Mem:16.41M, Peak:16.41M | Scene, ViewLayer | Updating Integrator
Fra:1 Mem:90.19M (Peak 94.43M) | Time:00:00.03 | Mem:16.41M, Peak:16.41M | Scene, ViewLayer | Updating Film
Fra:1 Mem:90.19M (Peak 94.43M) | Time:00:00.03 | Mem:16.32M, Peak:16.41M | Scene, ViewLayer | Updating Lookup Tables
Fra:1 Mem:90.19M (Peak 94.43M) | Time:00:00.03 | Mem:16.41M, Peak:16.41M | Scene, ViewLayer | Updating Baking
Fra:1 Mem:90.19M (Peak 94.43M) | Time:00:00.03 | Mem:16.41M, Peak:16.41M | Scene, ViewLayer | Updating Device | Writing constant memory
Fra:1 Mem:90.19M (Peak 94.43M) | Time:00:00.03 | Mem:16.41M, Peak:16.41M | Scene, ViewLayer | Sample 0/24
Fra:1 Mem:119.40M (Peak 119.40M) | Time:00:00.57 | Remaining:00:12.51 | Mem:45.60M, Peak:45.60M | Scene, ViewLayer | Sample 1/24
Fra:1 Mem:132.37M (Peak 158.32M) | Time:00:12.50 | Mem:45.60M, Peak:45.60M | Scene, ViewLayer | Sample 24/24
Fra:1 Mem:132.37M (Peak 158.32M) | Time:00:12.50 | Mem:45.60M, Peak:45.60M | Scene, ViewLayer | Finished
Saved: '/workspace/mandats-verification/authored-3d/library-adaptation38/library-house-study-v2-front.png'
Time: 00:12.72 (Saving: 00:00.22)

Fra:1 Mem:74.38M (Peak 74.38M) | Time:00:00.00 | Mem:0.00M, Peak:0.00M | Scene, ViewLayer | Synchronizing object | library_house_study
Fra:1 Mem:74.38M (Peak 74.38M) | Time:00:00.00 | Mem:0.00M, Peak:0.00M | Scene, ViewLayer | Synchronizing object | Plane
Fra:1 Mem:75.43M (Peak 75.50M) | Time:00:00.00 | Mem:0.00M, Peak:0.00M | Scene, ViewLayer | Initializing
Fra:1 Mem:75.42M (Peak 75.50M) | Time:00:00.00 | Mem:0.00M, Peak:0.00M | Scene, ViewLayer | Updating Images | Loading T_WoodTrim_BaseColor
Fra:1 Mem:75.42M (Peak 75.50M) | Time:00:00.00 | Mem:0.00M, Peak:0.00M | Scene, ViewLayer | Updating Images | Loading T_RoundTiles_Normal
Fra:1 Mem:76.42M (Peak 76.42M) | Time:00:00.00 | Mem:0.00M, Peak:0.00M | Scene, ViewLayer | Updating Images | Loading T_WoodTrim_Roughness
Fra:1 Mem:80.42M (Peak 80.42M) | Time:00:00.00 | Mem:0.00M, Peak:0.00M | Scene, ViewLayer | Updating Images | Loading T_Plaster_BaseColor
Fra:1 Mem:84.43M (Peak 84.43M) | Time:00:00.00 | Mem:1.00M, Peak:1.00M | Scene, ViewLayer | Updating Images | Loading T_Plaster_ORM
Fra:1 Mem:85.43M (Peak 86.43M) | Time:00:00.00 | Mem:2.00M, Peak:2.00M | Scene, ViewLayer | Updating Images | Loading T_Plaster_Normal
Fra:1 Mem:86.43M (Peak 87.43M) | Time:00:00.00 | Mem:3.00M, Peak:3.00M | Scene, ViewLayer | Updating Images | Loading T_RockTrim_BaseColor
Fra:1 Mem:86.43M (Peak 87.43M) | Time:00:00.00 | Mem:4.00M, Peak:4.00M | Scene, ViewLayer | Updating Images | Loading T_RoundTiles_Roughness
Fra:1 Mem:87.43M (Peak 88.43M) | Time:00:00.01 | Mem:5.00M, Peak:5.00M | Scene, ViewLayer | Updating Images | Loading T_RockTrim_ORM
Fra:1 Mem:89.43M (Peak 90.43M) | Time:00:00.01 | Mem:6.00M, Peak:6.00M | Scene, ViewLayer | Updating Images | Loading T_RockTrim_Normal
Fra:1 Mem:90.43M (Peak 91.43M) | Time:00:00.01 | Mem:7.00M, Peak:7.00M | Scene, ViewLayer | Updating Images | Loading T_Brick_BaseColor
Fra:1 Mem:89.43M (Peak 91.43M) | Time:00:00.01 | Mem:8.00M, Peak:8.00M | Scene, ViewLayer | Updating Images | Loading T_RoundTiles_BaseColor
Fra:1 Mem:91.43M (Peak 92.43M) | Time:00:00.01 | Mem:9.00M, Peak:9.00M | Scene, ViewLayer | Updating Images | Loading T_Brick_Roughness
Fra:1 Mem:92.43M (Peak 92.43M) | Time:00:00.01 | Mem:10.00M, Peak:10.00M | Scene, ViewLayer | Updating Images | Loading T_Brick_Normal
Fra:1 Mem:89.05M (Peak 93.43M) | Time:00:00.01 | Mem:15.00M, Peak:15.00M | Scene, ViewLayer | Waiting for render to start
Fra:1 Mem:89.05M (Peak 93.43M) | Time:00:00.01 | Mem:15.00M, Peak:15.00M | Scene, ViewLayer | Loading render kernels (may take a few minutes the first time)
Fra:1 Mem:89.05M (Peak 93.43M) | Time:00:00.01 | Mem:15.00M, Peak:15.00M | Scene, ViewLayer | Updating Scene
Fra:1 Mem:89.05M (Peak 93.43M) | Time:00:00.01 | Mem:15.00M, Peak:15.00M | Scene, ViewLayer | Updating Shaders
Fra:1 Mem:89.14M (Peak 93.43M) | Time:00:00.01 | Mem:15.01M, Peak:15.01M | Scene, ViewLayer | Updating Procedurals
Fra:1 Mem:89.14M (Peak 93.43M) | Time:00:00.01 | Mem:15.01M, Peak:15.01M | Scene, ViewLayer | Updating Background
Fra:1 Mem:89.14M (Peak 93.43M) | Time:00:00.01 | Mem:15.01M, Peak:15.01M | Scene, ViewLayer | Updating Camera
Fra:1 Mem:89.14M (Peak 93.43M) | Time:00:00.01 | Mem:15.01M, Peak:15.01M | Scene, ViewLayer | Updating Meshes Flags
Fra:1 Mem:89.14M (Peak 93.43M) | Time:00:00.01 | Mem:15.01M, Peak:15.01M | Scene, ViewLayer | Updating Objects
Fra:1 Mem:89.14M (Peak 93.43M) | Time:00:00.01 | Mem:15.01M, Peak:15.01M | Scene, ViewLayer | Updating Objects | Copying Transformations to device
Fra:1 Mem:89.15M (Peak 93.43M) | Time:00:00.01 | Mem:15.01M, Peak:15.01M | Scene, ViewLayer | Updating Objects | Applying Static Transformations
Fra:1 Mem:89.15M (Peak 93.43M) | Time:00:00.01 | Mem:15.01M, Peak:15.01M | Scene, ViewLayer | Updating Particle Systems
Fra:1 Mem:89.15M (Peak 93.43M) | Time:00:00.01 | Mem:15.01M, Peak:15.01M | Scene, ViewLayer | Updating Particle Systems | Copying Particles to device
Fra:1 Mem:89.15M (Peak 93.43M) | Time:00:00.01 | Mem:15.01M, Peak:15.01M | Scene, ViewLayer | Updating Meshes
Fra:1 Mem:89.23M (Peak 93.43M) | Time:00:00.01 | Mem:15.01M, Peak:15.01M | Scene, ViewLayer | Updating Mesh | Computing attributes
Fra:1 Mem:89.73M (Peak 93.43M) | Time:00:00.01 | Mem:15.02M, Peak:15.02M | Scene, ViewLayer | Updating Mesh | Copying Attributes to device
Fra:1 Mem:89.73M (Peak 93.43M) | Time:00:00.01 | Mem:15.52M, Peak:15.52M | Scene, ViewLayer | Updating Scene BVH | Building
Fra:1 Mem:89.73M (Peak 93.43M) | Time:00:00.01 | Mem:15.52M, Peak:15.52M | Scene, ViewLayer | Updating Scene BVH | Building BVH
Fra:1 Mem:89.73M (Peak 93.43M) | Time:00:00.01 | Mem:15.68M, Peak:15.68M | Scene, ViewLayer | Updating Scene BVH | Building BVH 0%
Fra:1 Mem:89.73M (Peak 93.43M) | Time:00:00.01 | Mem:15.86M, Peak:16.03M | Scene, ViewLayer | Updating Scene BVH | Copying BVH to device
Fra:1 Mem:89.73M (Peak 93.43M) | Time:00:00.01 | Mem:15.86M, Peak:16.03M | Scene, ViewLayer | Updating Mesh | Computing normals
Fra:1 Mem:90.19M (Peak 93.43M) | Time:00:00.01 | Mem:15.86M, Peak:16.03M | Scene, ViewLayer | Updating Mesh | Copying Mesh to device
Fra:1 Mem:90.19M (Peak 93.43M) | Time:00:00.01 | Mem:16.32M, Peak:16.32M | Scene, ViewLayer | Updating Objects Flags
Fra:1 Mem:90.19M (Peak 93.43M) | Time:00:00.01 | Mem:16.32M, Peak:16.32M | Scene, ViewLayer | Updating Primitive Offsets
Fra:1 Mem:90.19M (Peak 93.43M) | Time:00:00.01 | Mem:16.32M, Peak:16.32M | Scene, ViewLayer | Updating Images
Fra:1 Mem:90.19M (Peak 93.43M) | Time:00:00.01 | Mem:16.32M, Peak:16.32M | Scene, ViewLayer | Updating Camera Volume
Fra:1 Mem:90.19M (Peak 93.43M) | Time:00:00.01 | Mem:16.32M, Peak:16.32M | Scene, ViewLayer | Updating Lookup Tables
Fra:1 Mem:90.19M (Peak 93.43M) | Time:00:00.01 | Mem:16.40M, Peak:16.40M | Scene, ViewLayer | Updating Lights
Fra:1 Mem:90.19M (Peak 93.43M) | Time:00:00.01 | Mem:16.40M, Peak:16.40M | Scene, ViewLayer | Updating Lights | Computing tree
Fra:1 Mem:90.19M (Peak 93.43M) | Time:00:00.01 | Mem:16.41M, Peak:16.41M | Scene, ViewLayer | Updating Integrator
Fra:1 Mem:90.19M (Peak 93.43M) | Time:00:00.01 | Mem:16.41M, Peak:16.41M | Scene, ViewLayer | Updating Film
Fra:1 Mem:90.19M (Peak 93.43M) | Time:00:00.01 | Mem:16.32M, Peak:16.41M | Scene, ViewLayer | Updating Lookup Tables
Fra:1 Mem:90.19M (Peak 93.43M) | Time:00:00.01 | Mem:16.41M, Peak:16.41M | Scene, ViewLayer | Updating Baking
Fra:1 Mem:90.19M (Peak 93.43M) | Time:00:00.01 | Mem:16.41M, Peak:16.41M | Scene, ViewLayer | Updating Device | Writing constant memory
Fra:1 Mem:90.19M (Peak 93.43M) | Time:00:00.01 | Mem:16.41M, Peak:16.41M | Scene, ViewLayer | Sample 0/24
Fra:1 Mem:119.40M (Peak 119.40M) | Time:00:00.47 | Remaining:00:10.64 | Mem:45.60M, Peak:45.60M | Scene, ViewLayer | Sample 1/24
Fra:1 Mem:132.38M (Peak 158.32M) | Time:00:11.92 | Mem:45.60M, Peak:45.60M | Scene, ViewLayer | Sample 24/24
Fra:1 Mem:132.38M (Peak 158.32M) | Time:00:11.92 | Mem:45.60M, Peak:45.60M | Scene, ViewLayer | Finished
Saved: '/workspace/mandats-verification/authored-3d/library-adaptation38/library-house-study-v2-back.png'
Time: 00:12.04 (Saving: 00:00.12)



Blender quit
